// Jest Snapshot v1, https://goo.gl/fbAQLP

exports[`Button to not have changed since test 1`] = `""`;
