// Jest Snapshot v1, https://goo.gl/fbAQLP

exports[`<NumberButton /> Button DOM to not have changed 1`] = `"<button class=\\"Button\\" type=\\"button\\" value=\\"1\\">1</button>"`;
