// Jest Snapshot v1, https://goo.gl/fbAQLP

exports[`<Calculator /> renders without crashing 1`] = `"<div class=\\"Calculator\\"><h2 class=\\"Calculator-result\\">0</h2><div class=\\"Calculator-inputs\\"><button class=\\"Button\\" type=\\"button\\">C</button><button class=\\"Button\\" type=\\"button\\">/</button><button class=\\"Button\\" type=\\"button\\">*</button><button class=\\"Button\\" type=\\"button\\">-</button><button class=\\"Button\\" type=\\"button\\" value=\\"7\\">7</button><button class=\\"Button\\" type=\\"button\\" value=\\"8\\">8</button><button class=\\"Button\\" type=\\"button\\" value=\\"9\\">9</button><button class=\\"Button Button--plus\\" type=\\"button\\">+</button><button class=\\"Button\\" type=\\"button\\" value=\\"4\\">4</button><button class=\\"Button\\" type=\\"button\\" value=\\"5\\">5</button><button class=\\"Button\\" type=\\"button\\" value=\\"6\\">6</button><button class=\\"Button Button--equal\\" type=\\"button\\">=</button><button class=\\"Button\\" type=\\"button\\" value=\\"1\\">1</button><button class=\\"Button\\" type=\\"button\\" value=\\"2\\">2</button><button class=\\"Button\\" type=\\"button\\" value=\\"3\\">3</button><button class=\\"Button Button--zero\\" type=\\"button\\" value=\\"0\\">0</button><button class=\\"Button\\" type=\\"button\\">.</button></div></div>"`;
